// Jest Snapshot v1, https://goo.gl/fbAQLP

exports[`Dropdown Should render correctly 1`] = `ShallowWrapper {}`;
